{
  "code": "import pandas as pd\nimport io\n\ncsv = '''\nbreed,type,price,longevity,size\nLabrador Retriever,sporting,810.0,12.04,medium\nGerman Shepherd,herding,820.0,9.73,large\nBeagle,hound,288.0,12.3,small\n'''\n\ndogs = pd.read_csv(io.StringIO(csv)).set_index('breed')\n\nprices = dogs['price']\n\n(prices\n .drop(['Labrador Retriever', 'Beagle'])\n)\n",
  "explanation": [
    {
      "type": "DropCall",
      "code_step": "(prices\n .drop(['Labrador Retriever', 'Beagle'])\n)",
      "fragment": {
        "start": {
          "line": 1,
          "ch": 1
        },
        "end": {
          "line": 1,
          "ch": 40
        }
      },
      "marks": [
        {
          "type": "drop",
          "pos": {
            "type": "axis",
            "anchor": "lhs",
            "select": "row",
            "label": "Labrador Retriever"
          }
        },
        {
          "type": "drop",
          "pos": {
            "type": "axis",
            "anchor": "lhs",
            "select": "row",
            "label": "Beagle"
          }
        }
      ],
      "data": {
        "lhs": {
          "type": "Series",
          "index": {
            "names": [
              "breed"
            ],
            "labels": [
              "Labrador Retriever",
              "German Shepherd",
              "Beagle"
            ]
          },
          "data": [
            810.0,
            820.0,
            288.0
          ]
        },
        "rhs": {
          "type": "Series",
          "index": {
            "names": [
              "breed"
            ],
            "labels": [
              "German Shepherd"
            ]
          },
          "data": [
            820.0
          ]
        }
      }
    }
  ]
}