{
  "code": "# https://pandas.pydata.org/pandas-docs/stable/user_guide/reshaping.html#reshaping-by-pivoting-dataframe-objects\nimport pandas as pd\nimport io\n\ncsv = \"\"\"\nfoo,bar,baz,zoo\none,A,1,x\none,B,2,y\none,C,3,z\ntwo,A,4,q\ntwo,B,5,w\ntwo,C,6,t\n\"\"\"\n\ndf = pd.read_csv(io.StringIO(csv))\n\ndf.pivot(index=[\"zoo\", \"foo\"], columns=\"bar\", values=\"baz\")\n",
  "explanation": [
    {
      "type": "PivotCall",
      "code_step": "df.pivot(index=[\"zoo\", \"foo\"], columns=\"bar\", values=\"baz\")",
      "fragment": {
        "start": {
          "line": 0,
          "ch": 2
        },
        "end": {
          "line": 0,
          "ch": 59
        }
      },
      "marks": [
        {
          "type": "using",
          "pos": {
            "type": "axis",
            "anchor": "lhs",
            "select": "column",
            "label": "zoo"
          }
        },
        {
          "type": "using",
          "pos": {
            "type": "index_level",
            "anchor": "rhs",
            "select": "row",
            "level": 0
          }
        },
        {
          "type": "map",
          "from": {
            "type": "axis",
            "anchor": "lhs",
            "select": "column",
            "label": "zoo"
          },
          "to": {
            "type": "index_level",
            "anchor": "rhs",
            "select": "row",
            "level": 0
          }
        },
        {
          "type": "using",
          "pos": {
            "type": "axis",
            "anchor": "lhs",
            "select": "column",
            "label": "foo"
          }
        },
        {
          "type": "using",
          "pos": {
            "type": "index_level",
            "anchor": "rhs",
            "select": "row",
            "level": 1
          }
        },
        {
          "type": "map",
          "from": {
            "type": "axis",
            "anchor": "lhs",
            "select": "column",
            "label": "foo"
          },
          "to": {
            "type": "index_level",
            "anchor": "rhs",
            "select": "row",
            "level": 1
          }
        },
        {
          "type": "using",
          "pos": {
            "type": "axis",
            "anchor": "lhs",
            "select": "column",
            "label": "bar"
          }
        },
        {
          "type": "using",
          "pos": {
            "type": "index_level",
            "anchor": "rhs",
            "select": "column",
            "level": 0
          }
        },
        {
          "type": "map",
          "from": {
            "type": "axis",
            "anchor": "lhs",
            "select": "column",
            "label": "bar"
          },
          "to": {
            "type": "index_level",
            "anchor": "rhs",
            "select": "column",
            "level": 0
          }
        },
        {
          "type": "map_set",
          "maps": [
            {
              "type": "map",
              "from": {
                "type": "cell",
                "anchor": "lhs",
                "row": 0,
                "column": "baz"
              },
              "to": {
                "type": "cell",
                "anchor": "rhs",
                "row": [
                  "x",
                  "one"
                ],
                "column": "A"
              }
            },
            {
              "type": "map",
              "from": {
                "type": "cell",
                "anchor": "lhs",
                "row": 1,
                "column": "baz"
              },
              "to": {
                "type": "cell",
                "anchor": "rhs",
                "row": [
                  "y",
                  "one"
                ],
                "column": "B"
              }
            },
            {
              "type": "map",
              "from": {
                "type": "cell",
                "anchor": "lhs",
                "row": 2,
                "column": "baz"
              },
              "to": {
                "type": "cell",
                "anchor": "rhs",
                "row": [
                  "z",
                  "one"
                ],
                "column": "C"
              }
            },
            {
              "type": "map",
              "from": {
                "type": "cell",
                "anchor": "lhs",
                "row": 3,
                "column": "baz"
              },
              "to": {
                "type": "cell",
                "anchor": "rhs",
                "row": [
                  "q",
                  "two"
                ],
                "column": "A"
              }
            },
            {
              "type": "map",
              "from": {
                "type": "cell",
                "anchor": "lhs",
                "row": 4,
                "column": "baz"
              },
              "to": {
                "type": "cell",
                "anchor": "rhs",
                "row": [
                  "w",
                  "two"
                ],
                "column": "B"
              }
            },
            {
              "type": "map",
              "from": {
                "type": "cell",
                "anchor": "lhs",
                "row": 5,
                "column": "baz"
              },
              "to": {
                "type": "cell",
                "anchor": "rhs",
                "row": [
                  "t",
                  "two"
                ],
                "column": "C"
              }
            }
          ]
        }
      ],
      "data": {
        "lhs": {
          "type": "DataFrame",
          "columns": {
            "names": [
              null
            ],
            "labels": [
              "foo",
              "bar",
              "baz",
              "zoo"
            ]
          },
          "index": {
            "names": [
              null
            ],
            "labels": [
              0,
              1,
              2,
              3,
              4,
              5
            ]
          },
          "data": [
            [
              "one",
              "A",
              1,
              "x"
            ],
            [
              "one",
              "B",
              2,
              "y"
            ],
            [
              "one",
              "C",
              3,
              "z"
            ],
            [
              "two",
              "A",
              4,
              "q"
            ],
            [
              "two",
              "B",
              5,
              "w"
            ],
            [
              "two",
              "C",
              6,
              "t"
            ]
          ]
        },
        "rhs": {
          "type": "DataFrame",
          "columns": {
            "names": [
              "bar"
            ],
            "labels": [
              "A",
              "B",
              "C"
            ]
          },
          "index": {
            "names": [
              "zoo",
              "foo"
            ],
            "labels": [
              [
                "q",
                "two"
              ],
              [
                "t",
                "two"
              ],
              [
                "w",
                "two"
              ],
              [
                "x",
                "one"
              ],
              [
                "y",
                "one"
              ],
              [
                "z",
                "one"
              ]
            ]
          },
          "data": [
            [
              4.0,
              null,
              null
            ],
            [
              null,
              null,
              6.0
            ],
            [
              null,
              5.0,
              null
            ],
            [
              1.0,
              null,
              null
            ],
            [
              null,
              2.0,
              null
            ],
            [
              null,
              null,
              3.0
            ]
          ]
        }
      }
    }
  ]
}