{
  "code": "import pandas as pd\nimport io\n\ncsv = '''\nbreed,grooming,food_cost,kids,size\nLabrador Retriever,weekly,466.0,high,medium\nGerman Shepherd,weekly,466.0,medium,large\nBeagle,daily,324.0,high,small\nGolden Retriever,weekly,466.0,high,medium\nYorkshire Terrier,daily,324.0,low,small\nBulldog,weekly,466.0,medium,medium\nBoxer,weekly,466.0,high,medium\n'''\n\ndogs = pd.read_csv(io.StringIO(csv))\n\ndogs['breed'].to_frame()\n",
  "explanation": [
    {
      "type": "Subscript",
      "code_step": "dogs['breed'].to_frame()",
      "fragment": {
        "start": {
          "line": 0,
          "ch": 4
        },
        "end": {
          "line": 0,
          "ch": 13
        }
      },
      "marks": [
        {
          "type": "map",
          "from": {
            "type": "axis",
            "anchor": "lhs",
            "select": "column",
            "label": "breed"
          },
          "to": {
            "type": "series",
            "anchor": "rhs",
            "label": "pandas.Series"
          }
        }
      ],
      "data": {
        "lhs": {
          "type": "DataFrame",
          "columns": {
            "names": [
              null
            ],
            "labels": [
              "breed",
              "grooming",
              "food_cost",
              "kids",
              "size"
            ]
          },
          "index": {
            "names": [
              null
            ],
            "labels": [
              0,
              1,
              2,
              3,
              4,
              5,
              6
            ]
          },
          "data": [
            [
              "Labrador Retriever",
              "weekly",
              466.0,
              "high",
              "medium"
            ],
            [
              "German Shepherd",
              "weekly",
              466.0,
              "medium",
              "large"
            ],
            [
              "Beagle",
              "daily",
              324.0,
              "high",
              "small"
            ],
            [
              "Golden Retriever",
              "weekly",
              466.0,
              "high",
              "medium"
            ],
            [
              "Yorkshire Terrier",
              "daily",
              324.0,
              "low",
              "small"
            ],
            [
              "Bulldog",
              "weekly",
              466.0,
              "medium",
              "medium"
            ],
            [
              "Boxer",
              "weekly",
              466.0,
              "high",
              "medium"
            ]
          ]
        },
        "rhs": {
          "type": "Series",
          "index": {
            "names": [
              null
            ],
            "labels": [
              0,
              1,
              2,
              3,
              4,
              5,
              6
            ]
          },
          "data": [
            "Labrador Retriever",
            "German Shepherd",
            "Beagle",
            "Golden Retriever",
            "Yorkshire Terrier",
            "Bulldog",
            "Boxer"
          ]
        }
      }
    },
    {
      "type": "PassThroughCall",
      "code_step": "dogs['breed'].to_frame()",
      "fragment": {
        "start": {
          "line": 0,
          "ch": 13
        },
        "end": {
          "line": 0,
          "ch": 24
        }
      },
      "marks": [],
      "data": {
        "lhs": "prev_rhs",
        "rhs": {
          "type": "DataFrame",
          "columns": {
            "names": [
              null
            ],
            "labels": [
              "breed"
            ]
          },
          "index": {
            "names": [
              null
            ],
            "labels": [
              0,
              1,
              2,
              3,
              4,
              5,
              6
            ]
          },
          "data": [
            [
              "Labrador Retriever"
            ],
            [
              "German Shepherd"
            ],
            [
              "Beagle"
            ],
            [
              "Golden Retriever"
            ],
            [
              "Yorkshire Terrier"
            ],
            [
              "Bulldog"
            ],
            [
              "Boxer"
            ]
          ]
        }
      }
    }
  ]
}