================================================================================
| EXCITING NITROGEN started                                                    =
|                                                                              =
| MPI version using     32 processor(s)                                        =
|                                                                              =
| Date (DD-MM-YYYY) : 31-07-2019                                               =
| Time (hh:mm:ss)   : 10:21:00                                                 =
|                                                                              =
| All units are atomic (Hartree, Bohr, etc.)                                   =
================================================================================
 
********************************************************************************
* Ground-state run resuming from STATE.OUT                                     *
********************************************************************************
 
++++++++++++++++++++++++++++++++++++++++++++++++++++++++++++++++++++++++++++++++
+ Starting initialization                                                      +
++++++++++++++++++++++++++++++++++++++++++++++++++++++++++++++++++++++++++++++++
 
 Lattice vectors (cartesian) :
      0.0000000000      4.1007000000      4.1007000000
      4.1007000000      0.0000000000      4.1007000000
      4.1007000000      4.1007000000      0.0000000000
 
 Reciprocal lattice vectors (cartesian) :
     -0.7661113111      0.7661113111      0.7661113111
      0.7661113111     -0.7661113111      0.7661113111
      0.7661113111      0.7661113111     -0.7661113111
 
 Unit cell volume                           :     137.9126140547
 Brillouin zone volume                      :       1.7986042476
 
 Species :    1 (C)
     parameters loaded from                 :    C.xml
     name                                   :    carbon
     nuclear charge                         :      -6.00000000
     electronic charge                      :       6.00000000
     atomic mass                            :   21894.16673000
     muffin-tin radius                      :       1.60000000
     # of radial points in muffin-tin       :     250
 
     atomic positions (lattice) :
       1 :   0.00000000  0.00000000  0.00000000
 
 Species :    2 (Si)
     parameters loaded from                 :    Si.xml
     name                                   :    silicon
     nuclear charge                         :     -14.00000000
     electronic charge                      :      14.00000000
     atomic mass                            :   51196.73454000
     muffin-tin radius                      :       1.90000000
     # of radial points in muffin-tin       :     300
 
     atomic positions (lattice) :
       1 :   0.25000000  0.25000000  0.25000000
 
 Total number of atoms per unit cell        :       2
 
 Spin treatment                             :    spin-unpolarised
 
 Number of Bravais lattice symmetries       :      48
 Number of crystal symmetries               :      24
 
 k-point grid                               :      12   12   12
 k-point offset :       0.097000  0.273000  0.493000
 Total number of k-points                   :    1728
 k-point set is not reduced
 
 R^MT_min * |G+k|_max (rgkmax)              :       6.00000000
 Species with R^MT_min                      :       1 (C)
 Maximum |G+k| for APW functions            :       3.75000000
 Maximum |G| for potential and density      :      15.00000000
 Polynomial order for pseudochg. density    :       9
 
 G-vector grid sizes                        :      30    30    30
 Total number of G-vectors                  :    7799
 
 Maximum angular momentum used for
     APW functions                          :      10
     computing H and O matrix elements      :       5
     potential and density                  :       8
     inner part of muffin-tin               :       2
 
 Total nuclear charge                       :     -20.00000000
 Total electronic charge                    :      20.00000000
 Total core charge                          :      12.00000000
 Total valence charge                       :       8.00000000
 
 Effective Wigner radius, r_s               :       1.18076044
 
 Number of empty states                     :     300
 Total number of valence states             :     122
 
 Maximum Hamiltonian size                   :     140
 Maximum number of plane-waves              :     132
 Total number of local-orbitals             :       8
 
 Exchange-correlation type                  :       3
     Perdew-Wang, Phys. Rev. B 45, 13244 (1992)
 
 Smearing scheme                            :    Gaussian
 Smearing width                             :       0.00100000
 
 Using multisecant Broyden potential mixing
 
++++++++++++++++++++++++++++++++++++++++++++++++++++++++++++++++++++++++++++++++
+ Ending initialization                                                        +
++++++++++++++++++++++++++++++++++++++++++++++++++++++++++++++++++++++++++++++++
 
********************************************************************************
* Groundstate module started                                                   *
********************************************************************************
 Output level for this task is set to high
 
++++++++++++++++++++++++++++++++++++++++++++++++++++++++++++++++++++++++++++++++
+ Self-consistent loop started                                                 +
++++++++++++++++++++++++++++++++++++++++++++++++++++++++++++++++++++++++++++++++
 Potential read in from STATE.OUT
 
 
++++++++++++++++++++++++++++++++++++++++++++++++++++++++++++++++++++++++++++++++
+ Reached self-consistent loops maximum :    1                                 +
++++++++++++++++++++++++++++++++++++++++++++++++++++++++++++++++++++++++++++++++
 Total energy                               :      -326.88246275
 _______________________________________________________________
 Fermi energy                               :         0.31957417
 Kinetic energy                             :       327.11814866
 Coulomb energy                             :      -628.96572620
 Exchange energy                            :       -23.55578801
 Correlation energy                         :        -1.47909719
 Sum of eigenvalues                         :      -174.55814919
 Effective potential energy                 :      -501.67629785
 Coulomb potential energy                   :      -468.62569596
 xc potential energy                        :       -33.05060189
 Hartree energy                             :        98.59172646
 Electron-nuclear energy                    :      -665.80914889
 Nuclear-nuclear energy                     :       -61.74830378
 Madelung energy                            :      -394.65287822
 Core-electron kinetic energy               :         0.00000000
 
 DOS at Fermi energy (states/Ha/cell)       :         0.00000000
 
 Electron charges :
     core                                   :        12.00000000
     core leakage                           :         0.00642202
     valence                                :         8.00000000
     interstitial                           :         3.43793546
     charge in muffin-tin spheres :
                  atom     1     C          :         4.89588351
                  atom     2    Si          :        11.66618102
     total charge in muffin-tins            :        16.56206454
     total charge                           :        20.00000000
 
 Estimated fundamental gap                  :         0.05159186
        valence-band maximum at    1      0.0081  0.0228  0.0411
     conduction-band minimum at  937      0.0081  0.5228  0.5411
 
++++++++++++++++++++++++++++++++++++++++++++++++++++++++++++++++++++++++++++++++
+ Self-consistent loop stopped                                                 +
++++++++++++++++++++++++++++++++++++++++++++++++++++++++++++++++++++++++++++++++
 
********************************************************************************
* Groundstate module stopped                                                   *
********************************************************************************
 
--------------------------------------------------------------------------------
- Timings (seconds)                                                            -
--------------------------------------------------------------------------------
 Initialisation                             :         0.52
 Hamiltonian and overlap matrix set up      :         0.11
 First-variational secular equation         :         0.78
 Calculation of charge-density              :         0.67
 Calculation of potential                   :         0.18
 Muffin-tin manipulations                   :         0.31
 APW matching                               :         0.06
 Disk reads/writes                          :         4.05
 Mixing efforts                             :         0.00
 Solver of Dirac eqn.                       :         0.33
 Solver of rel. Schroedinger eqn.           :         0.21
 Total time spent in radial solvers         :         0.54
 
 Total time spent (seconds)                 :        12.23
 
--------------------------------------------------------------------------------
- CAUTION! Warnings have been written in file WARNING.OUT !                    -
--------------------------------------------------------------------------------
================================================================================
| EXCITING NITROGEN stopped                                                    =
================================================================================
