zeroth frequency moment sumrule (num. val. el.):   2.830417335    (   4.000000000    )
first frequency moment sumrule  (num. val. el.):   0.000000000    (   4.000000000    )
pi half sumrule                        (target):   1.344191464    (   1.570796327    )
