
Distance between is =    1 (Al), ia =    1 and
 is =    1 (Al), ia =    1 :    0.000000000    
