 +---------------------------------------------------------------+
 |                                                               |
 |        ####### #     # ####### ####### ####### ######         |
 |        #     # ##    # #          #    #       #     #        |
 |        #     # # #   # #          #    #       #     #        |
 |        #     # #  #  # #####      #    #####   ######         |
 |        #     # #   # # #          #    #       #              |
 |        #     # #    ## #          #    #       #              |
 |        ####### #     # #######    #    ####### #              |
 |                                                               |
 |        Linear-Scaling Ab Initio Total Energy Program          |
 |                                                               |
 |          Release for academic collaborators of ODG            |
 |                                             Version 4.5.3.32  |
 |                                                               |
 +---------------------------------------------------------------+
 |                                                               |
 |  Authors:                                                     |
 |  Jacek Dziedzic, Peter D. Haynes, Nicholas D. M. Hine,        |
 |  Arash. A. Mostofi, Mike C. Payne and Chris-Kriton Skylaris   |
 |                                                               |
 |  Contributors:                                                |
 |  J. Aarons, L. Andrinopoulos, P. W. Avraam, R. A. Bell,       |
 |  S. J. Clark, G. C. Constantinescu, F. Corsetti, N. Corsini,  |
 |  O. Dieguez, S. M. M. Dubois,  J. M. Escartin, A. Greco,      |
 |  H. H. Helal,  Q. O. Hill, L. P. Lee, J.-H. Li,               |
 |  E. B. Linscott, G. Moynihan, D. D. O`Regan, O. K. Okan,      |
 |  M. J. S. Phipps, C. J. Pickard, M. I. J. Probert,            |
 |  L. E. Ratcliff, M. Robinson, A. Ruiz Serrano, J. S. Spencer, |
 |  E. W. Tait, G. Teobaldi, D. Turban, V. Vitale,               |
 |  K. A. Wilkinson, C. Weber, J. C. Womack                      |
 |  and T. J. Zuehlsdorff                                        |
 |                                                               |
 |                                   Copyright (c) 2004-2016     |
 |                                                               |
 |  Please cite:                                                 |
 |  "Introducing ONETEP: Linear-scaling density functional       |
 |   simulations on parallel computers".                         |
 |   C.-K. Skylaris, P. D. Haynes, A. A. Mostofi, M. C. Payne.   |
 |   J. Chem. Phys. 122 084119 (2005).                           |
 |                                                               |
 |          in all publications arising from your use of ONETEP. |
 |                                                               |
 +---------------------------------------------------------------+
 |                                                               |
 |   ONETEP is based on developments described in the following  |
 |   publications:                                               |
 |                                                               |
 |  "Nonorthogonal generalized Wannier function pseudopotential  |
 |   plane-wave method".                                         |
 |   C.-K. Skylaris, A. A. Mostofi, P. D. Haynes, O. Dieguez,    |
 |   M. C. Payne.                                                |
 |   Phys. Rev. B 66 035119 (2002).                              |
 |                                                               |
 |  "Preconditioned iterative minimization for linear-scaling    |
 |   electronic structure calculations".                         |
 |   A. A. Mostofi, P. D. Haynes, C.-K. Skylaris, M. C. Payne.   |
 |   J. Chem. Phys. 119(17), pp.8842-8848 (2003).                |
 |                                                               |
 |  "Total-energy calculations on a real space grid with         |
 |   localized functions and a plane-wave basis".                |
 |   A. A. Mostofi, C.-K. Skylaris, P. D. Haynes, M. C. Payne.   |
 |   Comput. Phys. Commun. 147, pp.788-802 (2002).               |
 |                                                               |
 |  "Accurate kinetic energy evaluation in electronic structure  |
 |   calculations with localized functions on real space grids"  |
 |   C.-K. Skylaris, A. A. Mostofi, P. D. Haynes, C. J. Pickard, |
 |   M. C. Payne.                                                |
 |   Comput. Phys. Commun. 140, pp.315-322 (2001).               |
 |                                                               |
 |  "Accurate ionic forces and geometry optimization in linear-  |
 |   scaling density-functional theory with local orbitals"      |
 |   N. D. M. Hine, M. Robinson, P. D. Haynes, C.-K. Skylaris,   |
 |   M. C. Payne, and A. A. Mostofi.                             |
 |   Phys. Rev. B 83 195102 (2011).                              |
 |                                                               |
 +---------------------------------------------------------------+

Job started: 27-09-2016 12:34 (+0100)
 
Reading parameters from file "12-difluoroethane.dat" ...... done

If your calculation crashes here, before "Checking processes and threads..."
is displayed, then your stack size is insufficient.
If so, use "ulimit -s unlimited" at runtime.
You can disable this check with "check_stack_size F".

Checking processes and threads...
      WARNING: Error getting the value of the OMP_NUM_THREADS environment variable.
      Not changing the default number of threads (risk of CPU oversubscription).
      Default threads: 1
   Running with 4 MPI processes.
   There are 4 MPI processes running on the same node as the root process.
   Each MPI process is using: 
               1 threads for simulation cell FFTs.
               1 threads for parallel FFT box operations.
               1 threads for loops over batched FFT box operations.
               1 threads in other parallel regions.
... done

Basic input checks...... done

Reading geometry and species blocks from file "12-difluoroethane.dat" ...
  <species_atomic_set> block not found: NGWF initialisation set to SOLVE
... done


--------------------------------------------------------------------------------
---------------------------------- INPUT FILE ----------------------------------
--------------------------------------------------------------------------------

print_qc             : TRUE                                                     
output_detail        : NORMAL                                                   
timings_level        : 0                                                        
task                 : SINGLEPOINT                                              
cutoff_energy        : 800 eV                                                   
kernel_cutoff        : 1000                                                     
k_zero               : 3.5                                                      
xc_functional        : PBE                                                      
dispersion           : 1                                                        
kernel_diis_scheme   : dkn_pulay                                                
kernel_diis_threshold: 2.0e-6                                                   
maxit_pen            : 0                                                        
ngwf_threshold_orig  : 2.0e-4                                                   
write_denskern       : FALSE                                                    
write_tightbox_ngwfs : FALSE                                                    
write_xyz            : FALSE                                                    
%block lattice_cart                                                             
24.5       0.0       0.0                                                        
0.0      24.5       0.0                                                         
0.0       0.0      24.5                                                         
%endblock lattice_cart                                                          
%block positions_abs                                                            
     Hash =  -000007963062986021238501
%endblock positions_abs                                                         
%block species                                                                  
C   C   6 4 7.0                                                                 
F   F   9 9 7.0                                                                 
H   H   1 1 7.0                                                                 
%endblock species                                                               
%block species_pot                                                              
H     "../../pseudo/hydrogen.recpot"                                            
C     "../../pseudo/carbon.recpot"                                              
F     "../../pseudo/fluorine.recpot"                                            
%endblock species_pot                                                           

--------------------------------------------------------------------------------
-------------------------------- END INPUT FILE --------------------------------
--------------------------------------------------------------------------------


 
 ESDF WARNING(1): "kernelcutoff" (esdf_physical) has no units. Assume "bohr".
 ESDF WARNING(2): "kzero" (esdf_physical) has no units. Assume "1/bohr".
WARNING in pseudopotentials_read_species: string "LDA" found in pseudopotential
file "../../pseudo/fluorine.recpot", yet xc_functional = "PBE".
 
<<<<<<<<<<<<<<<<<<<<<<<<< Pseudopotential information >>>>>>>>>>>>>>>>>>>>>>>>>>
File: ../../pseudo/carbon.recpot [ 2001 points up to Gmax=  52.9 (1/bohr)]
  Atomic number:  6;  ionic charge:  4.000000
    Shell 1: l = 0; rc = 1.48 bohr
File: ../../pseudo/fluorine.recpot [ 2001 points up to Gmax=  52.9 (1/bohr)]
  Atomic number:  9;  ionic charge:  7.000000
    Shell 1: l = 0; rc = 1.60 bohr
File: ../../pseudo/hydrogen.recpot [ 2001 points up to Gmax=  52.9 (1/bohr)]
  Atomic number:  1;  ionic charge:  1.000000
    Local potential
<<<<<<<<<<<<<<<<<<<<<<<<<<<<<<<<<<<<<<<<>>>>>>>>>>>>>>>>>>>>>>>>>>>>>>>>>>>>>>>>

-------------------------- Atom counting information ---------------------------
Symbol    Natoms    Nngwfs    Nprojs
  C          2         8         2
  F          2        18         2
  H          4         4         0
.......   ......    ......    ......
Totals:      8        30         4
--------------------------------------------------------------------------------

=============================== PSINC grid sizes ===============================
                      Simulation cell:   49 x  49 x  49
                              FFT-box:   49 x  49 x  49
                                  PPD:    7 x   7 x   1
Grid space d1=  0.500000000000a0 (KE cutoff=  30.38533Eh = 826.82697eV)
Grid space d2=  0.500000000000a0 (KE cutoff=  30.38533Eh = 826.82697eV)
Grid space d3=  0.500000000000a0 (KE cutoff=  30.38533Eh = 826.82697eV)
================================================================================

********************* Fourier parallelisation information **********************
       Coarse grid (whole simulation cell) dimensions:     49    49    49
          Real-space ('12') slabs/node (min max mean):     12    13    12
         Recip-space ('23') slabs/node (min max mean):      6     7     6
********************************************************************************

********************* Fourier parallelisation information **********************
       Double grid (whole simulation cell) dimensions:     98    98    98
          Real-space ('12') slabs/node (min max mean):     24    25    24
         Recip-space ('23') slabs/node (min max mean):     12    13    12
********************************************************************************

Atom SCF Calculation for C  : Z (AE atom) =   6 : Z (PS atom) =   4
Config String:
Orbitals (num,occ):  2     2.00 2.00
Orbitals   (num,l):  2        0    1
Atom SCF converged after  21 iterations to a total energy of     -5.38688250

Atom SCF Calculation for F  : Z (AE atom) =   9 : Z (PS atom) =   7
Config String:
Orbitals (num,occ):  5     2.00 5.00 0.00 0.00 0.00
Orbitals   (num,l):  5        0    1    0    1    2
Atom SCF converged after  28 iterations to a total energy of    -24.17124726
 
WARNING in ngwfs_initialise: Setting radial NGWF functions for species  2 (F):
Last NGWF on atom has m = -2 and does not complete set of m-values for l = 2.
This breaks symmetry and may cause unstable NGWF optimisation and poor 
convergence. Suggest increasing number of NGWFs per atom from   9 to  13.
NB: All NGWF radial function angular momenta:     0    1    0    1    2
 

Atom SCF Calculation for H  : Z (AE atom) =   1 : Z (PS atom) =   1
Config String:
Orbitals (num,occ):  1     1.00
Orbitals   (num,l):  1        0
Atom SCF converged after  26 iterations to a total energy of     -0.45392390

Determining parallel strategy ...... done
Calculating Ewald energy ...           35.913065 Hartree
Model : Elstner
Dispersion Correction Energy: -0.61292798E-03 Hartree
Basis initialisation ...... done
Sparse matrix initialisation ... done
NGWF initialisation ...... done
Up spin density kernel initialisation ...... done

>>> Optimising kernel for current NGWFs:

------------------ Hamiltonian diagonalisation + kernel DIIS -------------------

--------------------------------------------------------------------------------
  Iter Spin   Resid.  Commut.    H-L Gap     DGap                Energy  DEnergy
@    1    1  3.5E-01  0.0E+00  2.515E-01  2.5E-01    -61.96772866341010 -6.2E+01
@    2    1  2.6E-01  0.0E+00  2.627E-01  1.1E-02    -62.00590696765417 -3.8E-02
@    3    1  1.9E-01  0.0E+00  2.702E-01  7.5E-03    -62.02421072518696 -1.8E-02
@    4    1  1.4E-01  0.0E+00  2.753E-01  5.1E-03    -62.03329004950061 -9.1E-03
@    5    1  1.1E-01  0.0E+00  2.788E-01  3.5E-03    -62.03790096367098 -4.6E-03
@    6    1  8.2E-02  0.0E+00  2.812E-01  2.4E-03    -62.04028343139357 -2.4E-03
@    7    1  1.4E-03  0.0E+00  2.875E-01  6.3E-03    -62.04297371267694 -2.7E-03
@    8    1  3.5E-04  0.0E+00  2.876E-01  1.2E-04    -62.04297519639009 -1.5E-06
@    9    1  3.1E-04  0.0E+00  2.876E-01  1.7E-05    -62.04297521396437 -1.8E-08
@   10    1  2.8E-04  0.0E+00  2.876E-01  6.8E-07    -62.04297521521158 -1.2E-09
@   11    1  2.4E-04  0.0E+00  2.876E-01 -1.2E-06    -62.04297521563454 -4.2E-10
@   12    1  1.3E-04  0.0E+00  2.876E-01 -1.7E-06    -62.04297521532864  3.1E-10
@   13    1  1.1E-04  0.0E+00  2.876E-01 -4.7E-06    -62.04297521204359  3.3E-09
@   14    1  2.1E-05  0.0E+00  2.876E-01  9.0E-06    -62.04297521604418 -4.0E-09
@   15    1  5.9E-06  0.0E+00  2.876E-01  3.3E-07    -62.04297521606254 -1.8E-11
@   16    1  2.1E-06  0.0E+00  2.876E-01 -7.1E-07    -62.04297521607664 -1.4E-11
@   17    1  1.2E-07  0.0E+00  2.876E-01  1.7E-07    -62.04297521607971 -3.1E-12

@CONVERGED1   : calculation converged after   17 iterations.

<QC>           [total_energy]:       -62.042975216080
<QC>                 [deltaE]:        -0.000000000003
<QC>             [HKS,SKH(1)]:         0.000000000000
<QC>               [K,KSK(1)]:         0.000000000000
<QC>            [residual(1)]:         0.000000115671
<QC>                  [mu(1)]:        -0.568183550426
<QC>       [max(denskern)(1)]:         1.008361536893
<QC>            [max(ham)(1)]:         1.068546925724


>>> Density kernel optimised for the current NGWF basis:
     ~~~~~~~~~~~~~~~~~~~~~~~~~~~~~~~~~~~~~~~~~~~~~~~~~~~~~~~~~~~
     Total energy                =  -6.20429752160797E+01  Eh
     [H,K] commutator            =   5.7710E-09
     ~~~~~~~~~~~~~~~~~~~~~~~~~~~~~~~~~~~~~~~~~~~~~~~~~~~~~~~~~~~




################################################################################
########################### NGWF CG iteration  001 #############################
################################################################################

>>> Checking for convergence of NGWFs:   NOT CONVERGED
  ========================================================================
         NGWF RMS gradient =  1.5095E-03 >  2.0000E-04  | above tolerance
  ========================================================================

>>> Improving NGWFs using line search:
  ========================================================================
   Predicted total energy    =      -6.23174098124076E+01 Eh
   Predicted gain in energy  =      -2.74434596327943E-01 Eh
  ========================================================================


>>> Optimising kernel for current NGWFs:

------------------ Hamiltonian diagonalisation + kernel DIIS -------------------

--------------------------------------------------------------------------------
  Iter Spin   Resid.  Commut.    H-L Gap     DGap                Energy  DEnergy
@    1    1  1.0E-01  0.0E+00  3.098E-01  2.2E-02    -62.31690842124750 -2.7E-01
@    2    1  8.3E-02  0.0E+00  3.087E-01 -1.2E-03    -62.31871242423301 -1.8E-03
@    3    1  6.6E-02  0.0E+00  3.077E-01 -9.5E-04    -62.31972087464113 -1.0E-03
@    4    1  5.4E-02  0.0E+00  3.070E-01 -7.5E-04    -62.32028237004770 -5.6E-04
@    5    1  4.5E-02  0.0E+00  3.064E-01 -5.8E-04    -62.32059439778605 -3.1E-04
@    6    1  3.7E-02  0.0E+00  3.060E-01 -4.5E-04    -62.32076778613285 -1.7E-04
@    7    1  3.0E-04  0.0E+00  3.046E-01 -1.4E-03    -62.32099119371093 -2.2E-04
@    8    1  1.5E-04  0.0E+00  3.046E-01  2.1E-06    -62.32099120173832 -8.0E-09
@    9    1  1.1E-04  0.0E+00  3.046E-01  2.0E-06    -62.32099120448893 -2.8E-09
@   10    1  5.4E-05  0.0E+00  3.046E-01  1.5E-06    -62.32099120590181 -1.4E-09
@   11    1  3.5E-05  0.0E+00  3.046E-01  4.8E-07    -62.32099120601292 -1.1E-10
@   12    1  2.4E-05  0.0E+00  3.046E-01  4.8E-07    -62.32099120586797  1.4E-10
@   13    1  2.3E-05  0.0E+00  3.046E-01 -8.5E-08    -62.32099120590778 -4.0E-11
@   14    1  6.1E-07  0.0E+00  3.046E-01 -1.2E-06    -62.32099120609475 -1.9E-10

@CONVERGED2   : calculation converged after   14 iterations.

<QC>           [total_energy]:       -62.320991206095
<QC>                 [deltaE]:        -0.000000000187
<QC>             [HKS,SKH(1)]:         0.000000000000
<QC>               [K,KSK(1)]:         0.000000000000
<QC>            [residual(1)]:         0.000000609541
<QC>                  [mu(1)]:        -0.546156251471
<QC>       [max(denskern)(1)]:         0.987275870179
<QC>            [max(ham)(1)]:         1.051741197244


>>> Density kernel optimised for the current NGWF basis:
     ~~~~~~~~~~~~~~~~~~~~~~~~~~~~~~~~~~~~~~~~~~~~~~~~~~~~~~~~~~~
     Total energy                =  -6.23209912060948E+01  Eh
     [H,K] commutator            =   3.7484E-08
     ~~~~~~~~~~~~~~~~~~~~~~~~~~~~~~~~~~~~~~~~~~~~~~~~~~~~~~~~~~~




################################################################################
########################### NGWF CG iteration  002 #############################
################################################################################

>>> Checking for convergence of NGWFs:   NOT CONVERGED
  ========================================================================
         NGWF RMS gradient =  6.3438E-04 >  2.0000E-04  | above tolerance
  ========================================================================

>>> Improving NGWFs using line search:
  ========================================================================
   Predicted total energy    =      -6.23819045271485E+01 Eh
   Predicted gain in energy  =      -6.09133210537678E-02 Eh
  ========================================================================


>>> Optimising kernel for current NGWFs:

------------------ Hamiltonian diagonalisation + kernel DIIS -------------------

--------------------------------------------------------------------------------
  Iter Spin   Resid.  Commut.    H-L Gap     DGap                Energy  DEnergy
@    1    1  7.3E-02  0.0E+00  3.007E-01 -3.9E-03    -62.38080814011222 -6.0E-02
@    2    1  5.6E-02  0.0E+00  3.002E-01 -4.8E-04    -62.38201742142157 -1.2E-03
@    3    1  4.4E-02  0.0E+00  2.998E-01 -4.1E-04    -62.38269036332674 -6.7E-04
@    4    1  3.4E-02  0.0E+00  2.994E-01 -3.3E-04    -62.38306333185025 -3.7E-04
@    5    1  2.7E-02  0.0E+00  2.992E-01 -2.5E-04    -62.38326950239842 -2.1E-04
@    6    1  2.2E-02  0.0E+00  2.990E-01 -1.9E-04    -62.38338330968504 -1.1E-04
@    7    1  1.0E-04  0.0E+00  2.986E-01 -4.1E-04    -62.38352473264382 -1.4E-04
@    8    1  4.2E-05  0.0E+00  2.986E-01  2.0E-06    -62.38352473529898 -2.7E-09
@    9    1  3.2E-05  0.0E+00  2.986E-01  1.7E-07    -62.38352473540289 -1.0E-10
@   10    1  2.5E-05  0.0E+00  2.986E-01 -4.8E-08    -62.38352473551271 -1.1E-10
@   11    1  1.8E-05  0.0E+00  2.986E-01  2.0E-07    -62.38352473559954 -8.7E-11
@   12    1  7.8E-06  0.0E+00  2.986E-01  4.1E-07    -62.38352473562737 -2.8E-11
@   13    1  7.1E-06  0.0E+00  2.986E-01  1.3E-08    -62.38352473562367  3.7E-12
@   14    1  4.6E-07  0.0E+00  2.986E-01 -2.5E-07    -62.38352473564195 -1.8E-11

@CONVERGED3   : calculation converged after   14 iterations.

<QC>           [total_energy]:       -62.383524735642
<QC>                 [deltaE]:        -0.000000000018
<QC>             [HKS,SKH(1)]:         0.000000000000
<QC>               [K,KSK(1)]:         0.000000000000
<QC>            [residual(1)]:         0.000000463481
<QC>                  [mu(1)]:        -0.531727421612
<QC>       [max(denskern)(1)]:         0.982313897517
<QC>            [max(ham)(1)]:         1.046856712127


>>> Density kernel optimised for the current NGWF basis:
     ~~~~~~~~~~~~~~~~~~~~~~~~~~~~~~~~~~~~~~~~~~~~~~~~~~~~~~~~~~~
     Total energy                =  -6.23835247356419E+01  Eh
     [H,K] commutator            =   1.2219E-08
     ~~~~~~~~~~~~~~~~~~~~~~~~~~~~~~~~~~~~~~~~~~~~~~~~~~~~~~~~~~~




################################################################################
########################### NGWF CG iteration  003 #############################
################################################################################

>>> Checking for convergence of NGWFs:   NOT CONVERGED
  ========================================================================
         NGWF RMS gradient =  2.7222E-04 >  2.0000E-04  | above tolerance
  ========================================================================

>>> Improving NGWFs using line search:
  ========================================================================
   Predicted total energy    =      -6.23942579667293E+01 Eh
   Predicted gain in energy  =      -1.07332310873431E-02 Eh
  ========================================================================


>>> Optimising kernel for current NGWFs:

------------------ Hamiltonian diagonalisation + kernel DIIS -------------------

--------------------------------------------------------------------------------
  Iter Spin   Resid.  Commut.    H-L Gap     DGap                Energy  DEnergy
@    1    1  2.7E-02  0.0E+00  2.926E-01 -6.0E-03    -62.39402686147427 -1.1E-02
@    2    1  2.0E-02  0.0E+00  2.924E-01 -2.3E-04    -62.39421218685935 -1.9E-04
@    3    1  1.6E-02  0.0E+00  2.922E-01 -1.8E-04    -62.39431429613455 -1.0E-04
@    4    1  1.2E-02  0.0E+00  2.921E-01 -1.3E-04    -62.39437049383171 -5.6E-05
@    5    1  9.8E-03  0.0E+00  2.920E-01 -9.7E-05    -62.39440141361177 -3.1E-05
@    6    1  8.0E-03  0.0E+00  2.919E-01 -7.1E-05    -62.39441843347667 -1.7E-05
@    7    1  3.3E-05  0.0E+00  2.918E-01 -1.3E-04    -62.39443961441583 -2.1E-05
@    8    1  1.6E-05  0.0E+00  2.918E-01 -4.4E-07    -62.39443961474928 -3.3E-10
@    9    1  8.8E-06  0.0E+00  2.918E-01  3.5E-07    -62.39443961481859 -6.9E-11
@   10    1  4.1E-06  0.0E+00  2.918E-01  1.9E-07    -62.39443961484833 -3.0E-11
@   11    1  2.7E-06  0.0E+00  2.918E-01  2.2E-08    -62.39443961485284 -4.5E-12
@   12    1  1.5E-06  0.0E+00  2.918E-01  4.4E-08    -62.39443961485479 -1.9E-12

@CONVERGED4   : calculation converged after   12 iterations.

<QC>           [total_energy]:       -62.394439614855
<QC>                 [deltaE]:        -0.000000000002
<QC>             [HKS,SKH(1)]:         0.000000000000
<QC>               [K,KSK(1)]:         0.000000000000
<QC>            [residual(1)]:         0.000001524802
<QC>                  [mu(1)]:        -0.527789252089
<QC>       [max(denskern)(1)]:         0.982363990396
<QC>            [max(ham)(1)]:         1.045144416780


>>> Density kernel optimised for the current NGWF basis:
     ~~~~~~~~~~~~~~~~~~~~~~~~~~~~~~~~~~~~~~~~~~~~~~~~~~~~~~~~~~~
     Total energy                =  -6.23944396148548E+01  Eh
     [H,K] commutator            =   9.1645E-08
     ~~~~~~~~~~~~~~~~~~~~~~~~~~~~~~~~~~~~~~~~~~~~~~~~~~~~~~~~~~~




################################################################################
########################### NGWF CG iteration  004 #############################
################################################################################

>>> Checking for convergence of NGWFs: 
           ........................................................
           |         *** NGWF optimisation converged ***          |
           | RMS NGWF gradient =    0.00014145961773              |
           | Criteria satisfied:                                  |
           | -> RMS NGWF gradient lower than set threshold.       |
           ========================================================

================================================================================
           ---------------- ENERGY COMPONENTS (Eh) ----------------
           | Kinetic                    :       43.56625646880812 |
           | Pseudopotential (local)    :     -224.85183693469443 |
           | Pseudo (non-coul chg cor)  :        0.00000000000000
           | Pseudopotential (non-local):        8.40224578259678 |
           | Hartree                    :       88.82709748311089 |
           | Exchange-correlation       :      -14.25065412072763 |
           | Ewald                      :       35.91306463402832 |
           | Dispersion Correction      :       -0.00061292797685 |
           | Total                      :      -62.39443961485481 |
           --------------------------------------------------------
           Integrated density           :       25.99999999999982
================================================================================


                        <<<<< CALCULATION SUMMARY >>>>>                         
|ITER|    RMS GRADIENT   |     TOTAL ENERGY    |   step   |     Epredicted      
   0     0.00150945962378    -62.04297521607971   0.700605    -62.31740981240765
   1     0.00063438479673    -62.32099120609475   0.869082    -62.38190452714852
   2     0.00027222129411    -62.38352473564195   0.818478    -62.39425796672928
   3     0.00014145961773    -62.39443961485479  <-- CG                         
 
<QC>        [NGWF iterations]:                      4
<QC>           [total_energy]:       -62.394439614855
<QC>           [rms_gradient]:         0.000141459618

------------------------------ TIMING INFORMATION ------------------------------
AVERAGE TIME:     120.970s on      4 node(s)                                    
TOTAL TIME:       120.971s on      4 node(s)                                    

Job completed: 27-09-2016 12:36 (+0100)

