{
  "type_": "ParsedModule",
  "code": "# Tests that parser can handle different types of susbcript args\ndf.loc[:, 'Count']\n\ndf[['Name', 'Count']]\ndf[df.columns[:4]]\n\ndf[df['Count'] < 10000]\n\ncol = 'Name'\ndf[(df[col] > 10) | (df['Year'] >= 2020)]\n\nmask = df['Count'] > 10\ndf[mask]\n\n(df\n .iloc[2:5]\n .loc[:, df['tricky'] == 'to parse']\n)\n\n(df\n [2:5]\n [df['also'] == 'tricky']\n)\n",
  "location": {
    "start": {
      "line": 0,
      "ch": 0
    },
    "end": {
      "line": 23,
      "ch": 0
    }
  },
  "statements": [
    {
      "type_": "ChainStatement",
      "code": "df.loc[:, 'Count']",
      "location": {
        "start": {
          "line": 1,
          "ch": 0
        },
        "end": {
          "line": 1,
          "ch": 18
        }
      },
      "chain": [
        {
          "type_": "StartOfChain",
          "code": "df",
          "location": {
            "start": {
              "line": 1,
              "ch": 0
            },
            "end": {
              "line": 1,
              "ch": 2
            }
          }
        },
        {
          "type_": "Subscript",
          "code": "df.loc[:, 'Count']",
          "location": {
            "start": {
              "line": 1,
              "ch": 2
            },
            "end": {
              "line": 1,
              "ch": 18
            }
          },
          "slicer": "loc",
          "slice1": {
            "type_": "SubsSlice",
            "code": ":",
            "location": {
              "start": {
                "line": 1,
                "ch": 7
              },
              "end": {
                "line": 1,
                "ch": 8
              }
            }
          },
          "slice2": {
            "type_": "SubsEval",
            "code": "'Count'",
            "location": {
              "start": {
                "line": 1,
                "ch": 10
              },
              "end": {
                "line": 1,
                "ch": 17
              }
            },
            "expr": "'Count'"
          }
        }
      ]
    },
    {
      "type_": "ChainStatement",
      "code": "df[['Name', 'Count']]",
      "location": {
        "start": {
          "line": 3,
          "ch": 0
        },
        "end": {
          "line": 3,
          "ch": 21
        }
      },
      "chain": [
        {
          "type_": "StartOfChain",
          "code": "df",
          "location": {
            "start": {
              "line": 3,
              "ch": 0
            },
            "end": {
              "line": 3,
              "ch": 2
            }
          }
        },
        {
          "type_": "Subscript",
          "code": "df[['Name', 'Count']]",
          "location": {
            "start": {
              "line": 3,
              "ch": 2
            },
            "end": {
              "line": 3,
              "ch": 21
            }
          },
          "slicer": null,
          "slice1": {
            "type_": "SubsEval",
            "code": "['Name', 'Count']",
            "location": {
              "start": {
                "line": 3,
                "ch": 3
              },
              "end": {
                "line": 3,
                "ch": 20
              }
            },
            "expr": "['Name', 'Count']"
          },
          "slice2": null
        }
      ]
    },
    {
      "type_": "ChainStatement",
      "code": "df[df.columns[:4]]",
      "location": {
        "start": {
          "line": 4,
          "ch": 0
        },
        "end": {
          "line": 4,
          "ch": 18
        }
      },
      "chain": [
        {
          "type_": "StartOfChain",
          "code": "df",
          "location": {
            "start": {
              "line": 4,
              "ch": 0
            },
            "end": {
              "line": 4,
              "ch": 2
            }
          }
        },
        {
          "type_": "Subscript",
          "code": "df[df.columns[:4]]",
          "location": {
            "start": {
              "line": 4,
              "ch": 2
            },
            "end": {
              "line": 4,
              "ch": 18
            }
          },
          "slicer": null,
          "slice1": {
            "type_": "SubsEval",
            "code": "df.columns[:4]",
            "location": {
              "start": {
                "line": 4,
                "ch": 3
              },
              "end": {
                "line": 4,
                "ch": 17
              }
            },
            "expr": "df.columns[:4]"
          },
          "slice2": null
        }
      ]
    },
    {
      "type_": "ChainStatement",
      "code": "df[df['Count'] < 10000]",
      "location": {
        "start": {
          "line": 6,
          "ch": 0
        },
        "end": {
          "line": 6,
          "ch": 23
        }
      },
      "chain": [
        {
          "type_": "StartOfChain",
          "code": "df",
          "location": {
            "start": {
              "line": 6,
              "ch": 0
            },
            "end": {
              "line": 6,
              "ch": 2
            }
          }
        },
        {
          "type_": "Subscript",
          "code": "df[df['Count'] < 10000]",
          "location": {
            "start": {
              "line": 6,
              "ch": 2
            },
            "end": {
              "line": 6,
              "ch": 23
            }
          },
          "slicer": null,
          "slice1": {
            "type_": "SubsComparison",
            "code": "df['Count'] < 10000",
            "location": {
              "start": {
                "line": 6,
                "ch": 3
              },
              "end": {
                "line": 6,
                "ch": 22
              }
            },
            "label_exprs": [
              "'Count'"
            ]
          },
          "slice2": null
        }
      ]
    },
    {
      "type_": "ChainStatement",
      "code": "col = 'Name'",
      "location": {
        "start": {
          "line": 8,
          "ch": 0
        },
        "end": {
          "line": 8,
          "ch": 12
        }
      },
      "chain": []
    },
    {
      "type_": "ChainStatement",
      "code": "df[(df[col] > 10) | (df['Year'] >= 2020)]",
      "location": {
        "start": {
          "line": 9,
          "ch": 0
        },
        "end": {
          "line": 9,
          "ch": 41
        }
      },
      "chain": [
        {
          "type_": "StartOfChain",
          "code": "df",
          "location": {
            "start": {
              "line": 9,
              "ch": 0
            },
            "end": {
              "line": 9,
              "ch": 2
            }
          }
        },
        {
          "type_": "Subscript",
          "code": "df[(df[col] > 10) | (df['Year'] >= 2020)]",
          "location": {
            "start": {
              "line": 9,
              "ch": 2
            },
            "end": {
              "line": 9,
              "ch": 41
            }
          },
          "slicer": null,
          "slice1": {
            "type_": "SubsComparison",
            "code": "(df[col] > 10) | (df['Year'] >= 2020)",
            "location": {
              "start": {
                "line": 9,
                "ch": 3
              },
              "end": {
                "line": 9,
                "ch": 40
              }
            },
            "label_exprs": [
              "col",
              "'Year'"
            ]
          },
          "slice2": null
        }
      ]
    },
    {
      "type_": "ChainStatement",
      "code": "mask = df['Count'] > 10",
      "location": {
        "start": {
          "line": 11,
          "ch": 0
        },
        "end": {
          "line": 11,
          "ch": 23
        }
      },
      "chain": [
        {
          "type_": "StartOfChain",
          "code": "df['Count']",
          "location": {
            "start": {
              "line": 11,
              "ch": 7
            },
            "end": {
              "line": 11,
              "ch": 18
            }
          }
        },
        {
          "type_": "BoolExprStep",
          "code": "df['Count'] > 10",
          "location": {
            "start": {
              "line": 11,
              "ch": 7
            },
            "end": {
              "line": 11,
              "ch": 23
            }
          }
        }
      ]
    },
    {
      "type_": "ChainStatement",
      "code": "df[mask]",
      "location": {
        "start": {
          "line": 12,
          "ch": 0
        },
        "end": {
          "line": 12,
          "ch": 8
        }
      },
      "chain": [
        {
          "type_": "StartOfChain",
          "code": "df",
          "location": {
            "start": {
              "line": 12,
              "ch": 0
            },
            "end": {
              "line": 12,
              "ch": 2
            }
          }
        },
        {
          "type_": "Subscript",
          "code": "df[mask]",
          "location": {
            "start": {
              "line": 12,
              "ch": 2
            },
            "end": {
              "line": 12,
              "ch": 8
            }
          },
          "slicer": null,
          "slice1": {
            "type_": "SubsEval",
            "code": "mask",
            "location": {
              "start": {
                "line": 12,
                "ch": 3
              },
              "end": {
                "line": 12,
                "ch": 7
              }
            },
            "expr": "mask"
          },
          "slice2": null
        }
      ]
    },
    {
      "type_": "ChainStatement",
      "code": "(df\n .iloc[2:5]\n .loc[:, df['tricky'] == 'to parse']\n)",
      "location": {
        "start": {
          "line": 14,
          "ch": 0
        },
        "end": {
          "line": 17,
          "ch": 1
        }
      },
      "chain": [
        {
          "type_": "StartOfChain",
          "code": "df",
          "location": {
            "start": {
              "line": 14,
              "ch": 1
            },
            "end": {
              "line": 14,
              "ch": 3
            }
          }
        },
        {
          "type_": "Subscript",
          "code": "df\n .iloc[2:5]",
          "location": {
            "start": {
              "line": 15,
              "ch": 1
            },
            "end": {
              "line": 15,
              "ch": 11
            }
          },
          "slicer": "iloc",
          "slice1": {
            "type_": "SubsSlice",
            "code": "2:5",
            "location": {
              "start": {
                "line": 15,
                "ch": 7
              },
              "end": {
                "line": 15,
                "ch": 10
              }
            }
          },
          "slice2": null
        },
        {
          "type_": "Subscript",
          "code": "(df\n .iloc[2:5]\n .loc[:, df['tricky'] == 'to parse']\n)",
          "location": {
            "start": {
              "line": 16,
              "ch": 1
            },
            "end": {
              "line": 16,
              "ch": 36
            }
          },
          "slicer": "loc",
          "slice1": {
            "type_": "SubsSlice",
            "code": ":",
            "location": {
              "start": {
                "line": 16,
                "ch": 6
              },
              "end": {
                "line": 16,
                "ch": 7
              }
            }
          },
          "slice2": {
            "type_": "SubsComparison",
            "code": "df['tricky'] == 'to parse'",
            "location": {
              "start": {
                "line": 16,
                "ch": 9
              },
              "end": {
                "line": 16,
                "ch": 35
              }
            },
            "label_exprs": [
              "'tricky'"
            ]
          }
        }
      ]
    },
    {
      "type_": "ChainStatement",
      "code": "(df\n [2:5]\n [df['also'] == 'tricky']\n)",
      "location": {
        "start": {
          "line": 19,
          "ch": 0
        },
        "end": {
          "line": 22,
          "ch": 1
        }
      },
      "chain": [
        {
          "type_": "StartOfChain",
          "code": "df",
          "location": {
            "start": {
              "line": 19,
              "ch": 1
            },
            "end": {
              "line": 19,
              "ch": 3
            }
          }
        },
        {
          "type_": "Subscript",
          "code": "df\n [2:5]",
          "location": {
            "start": {
              "line": 20,
              "ch": 1
            },
            "end": {
              "line": 20,
              "ch": 6
            }
          },
          "slicer": null,
          "slice1": {
            "type_": "SubsSlice",
            "code": "2:5",
            "location": {
              "start": {
                "line": 20,
                "ch": 2
              },
              "end": {
                "line": 20,
                "ch": 5
              }
            }
          },
          "slice2": null
        },
        {
          "type_": "Subscript",
          "code": "(df\n [2:5]\n [df['also'] == 'tricky']\n)",
          "location": {
            "start": {
              "line": 21,
              "ch": 1
            },
            "end": {
              "line": 21,
              "ch": 25
            }
          },
          "slicer": null,
          "slice1": {
            "type_": "SubsComparison",
            "code": "df['also'] == 'tricky'",
            "location": {
              "start": {
                "line": 21,
                "ch": 2
              },
              "end": {
                "line": 21,
                "ch": 24
              }
            },
            "label_exprs": [
              "'also'"
            ]
          },
          "slice2": null
        }
      ]
    }
  ]
}