{
  "code": "# adapted from\n# https://pandas.pydata.org/pandas-docs/stable/reference/api/pandas.DataFrame.iloc.html\n# example where a boolean slice happens on the *columns*, not the rows\n\nimport pandas as pd\n\nmydict = [{'a': 1, 'b': 2, 'c': 3, 'd': 4},\n          {'a': 100, 'b': 200, 'c': 300, 'd': 400},\n          {'a': 1000, 'b': 2000, 'c': 3000, 'd': 4000 }]\n\ndf = pd.DataFrame(mydict, index=['one', 'two', 'three'])\n\ndf.loc[:, df.loc['one'] % 2 == 0]",
  "explanation": [
    {
      "type": "Subscript",
      "code_step": "df.loc[:, df.loc['one'] % 2 == 0]",
      "fragment": {
        "start": {
          "line": 0,
          "ch": 2
        },
        "end": {
          "line": 0,
          "ch": 33
        }
      },
      "marks": [
        {
          "type": "map",
          "from": {
            "type": "axis",
            "anchor": "lhs",
            "select": "column",
            "label": "b"
          },
          "to": {
            "type": "axis",
            "anchor": "rhs",
            "select": "column",
            "label": "b"
          }
        },
        {
          "type": "map",
          "from": {
            "type": "axis",
            "anchor": "lhs",
            "select": "column",
            "label": "d"
          },
          "to": {
            "type": "axis",
            "anchor": "rhs",
            "select": "column",
            "label": "d"
          }
        },
        {
          "type": "using",
          "pos": {
            "type": "axis",
            "anchor": "lhs",
            "select": "row",
            "label": "one"
          }
        }
      ],
      "data": {
        "lhs": {
          "type": "DataFrame",
          "columns": {
            "names": [
              null
            ],
            "labels": [
              "a",
              "b",
              "c",
              "d"
            ]
          },
          "index": {
            "names": [
              null
            ],
            "labels": [
              "one",
              "two",
              "three"
            ]
          },
          "data": [
            [
              1,
              2,
              3,
              4
            ],
            [
              100,
              200,
              300,
              400
            ],
            [
              1000,
              2000,
              3000,
              4000
            ]
          ]
        },
        "rhs": {
          "type": "DataFrame",
          "columns": {
            "names": [
              null
            ],
            "labels": [
              "b",
              "d"
            ]
          },
          "index": {
            "names": [
              null
            ],
            "labels": [
              "one",
              "two",
              "three"
            ]
          },
          "data": [
            [
              2,
              4
            ],
            [
              200,
              400
            ],
            [
              2000,
              4000
            ]
          ]
        }
      }
    }
  ]
}