{
  "code": "import pandas as pd\nimport io\n\ncsv = \"\"\"\nbreed,grooming,food_cost,kids,size\nLabrador Retriever,weekly,466.0,high,medium\nGerman Shepherd,weekly,466.0,medium,large\nBeagle,daily,324.0,high,small\nGolden Retriever,weekly,466.0,high,medium\nYorkshire Terrier,daily,324.0,low,small\nBulldog,weekly,466.0,medium,medium\nBoxer,weekly,466.0,high,medium\n\"\"\"\n\ndogs = pd.read_csv(io.StringIO(csv))\nbreeds = dogs['breed']\n\nbreeds.get([1, 3])\n",
  "explanation": [
    {
      "type": "GetCall",
      "code_step": "breeds.get([1, 3])",
      "fragment": {
        "start": {
          "line": 0,
          "ch": 6
        },
        "end": {
          "line": 0,
          "ch": 18
        }
      },
      "marks": [
        {
          "type": "map",
          "from": {
            "type": "axis",
            "anchor": "lhs",
            "select": "row",
            "label": 1
          },
          "to": {
            "type": "axis",
            "anchor": "rhs",
            "select": "row",
            "label": 1
          }
        },
        {
          "type": "map",
          "from": {
            "type": "axis",
            "anchor": "lhs",
            "select": "row",
            "label": 3
          },
          "to": {
            "type": "axis",
            "anchor": "rhs",
            "select": "row",
            "label": 3
          }
        }
      ],
      "data": {
        "lhs": {
          "type": "Series",
          "index": {
            "names": [
              null
            ],
            "labels": [
              0,
              1,
              2,
              3,
              4,
              5,
              6
            ]
          },
          "data": [
            "Labrador Retriever",
            "German Shepherd",
            "Beagle",
            "Golden Retriever",
            "Yorkshire Terrier",
            "Bulldog",
            "Boxer"
          ]
        },
        "rhs": {
          "type": "Series",
          "index": {
            "names": [
              null
            ],
            "labels": [
              1,
              3
            ]
          },
          "data": [
            "German Shepherd",
            "Golden Retriever"
          ]
        }
      }
    }
  ]
}