{
  "code": "# Common point of confusion: difference between loc and iloc\n#\n# Compare loc_vs_iloc_01.py and loc_vs_iloc_02.py\n\nimport pandas as pd\nimport io\n\ncsv = '''\nbreed,grooming,food_cost,kids,size\nLabrador Retriever,weekly,466.0,high,medium\nGerman Shepherd,weekly,466.0,medium,large\nBeagle,daily,324.0,high,small\nGolden Retriever,weekly,466.0,high,medium\nYorkshire Terrier,daily,324.0,low,small\nBulldog,weekly,466.0,medium,medium\nBoxer,weekly,466.0,high,medium\n'''\n\ndogs = pd.read_csv(io.StringIO(csv))\n\n# These return different tables!\n# dogs.sort_values('kids').iloc[0:6]\ndogs.sort_values('kids').loc[0:6]\n",
  "explanation": [
    {
      "type": "SortValuesCall",
      "code_step": "dogs.sort_values('kids').loc[0:6]",
      "fragment": {
        "start": {
          "line": 0,
          "ch": 4
        },
        "end": {
          "line": 0,
          "ch": 24
        }
      },
      "marks": [
        {
          "type": "using",
          "pos": {
            "type": "axis",
            "anchor": "rhs",
            "select": "column",
            "label": "kids"
          }
        },
        {
          "type": "map",
          "from": {
            "type": "axis",
            "anchor": "lhs",
            "select": "row",
            "label": 0
          },
          "to": {
            "type": "axis",
            "anchor": "rhs",
            "select": "row",
            "label": 0
          }
        },
        {
          "type": "map",
          "from": {
            "type": "axis",
            "anchor": "lhs",
            "select": "row",
            "label": 1
          },
          "to": {
            "type": "axis",
            "anchor": "rhs",
            "select": "row",
            "label": 1
          }
        },
        {
          "type": "map",
          "from": {
            "type": "axis",
            "anchor": "lhs",
            "select": "row",
            "label": 2
          },
          "to": {
            "type": "axis",
            "anchor": "rhs",
            "select": "row",
            "label": 2
          }
        },
        {
          "type": "map",
          "from": {
            "type": "axis",
            "anchor": "lhs",
            "select": "row",
            "label": 3
          },
          "to": {
            "type": "axis",
            "anchor": "rhs",
            "select": "row",
            "label": 3
          }
        },
        {
          "type": "map",
          "from": {
            "type": "axis",
            "anchor": "lhs",
            "select": "row",
            "label": 4
          },
          "to": {
            "type": "axis",
            "anchor": "rhs",
            "select": "row",
            "label": 4
          }
        },
        {
          "type": "map",
          "from": {
            "type": "axis",
            "anchor": "lhs",
            "select": "row",
            "label": 5
          },
          "to": {
            "type": "axis",
            "anchor": "rhs",
            "select": "row",
            "label": 5
          }
        },
        {
          "type": "map",
          "from": {
            "type": "axis",
            "anchor": "lhs",
            "select": "row",
            "label": 6
          },
          "to": {
            "type": "axis",
            "anchor": "rhs",
            "select": "row",
            "label": 6
          }
        }
      ],
      "data": {
        "lhs": {
          "type": "DataFrame",
          "columns": {
            "names": [
              null
            ],
            "labels": [
              "breed",
              "grooming",
              "food_cost",
              "kids",
              "size"
            ]
          },
          "index": {
            "names": [
              null
            ],
            "labels": [
              0,
              1,
              2,
              3,
              4,
              5,
              6
            ]
          },
          "data": [
            [
              "Labrador Retriever",
              "weekly",
              466.0,
              "high",
              "medium"
            ],
            [
              "German Shepherd",
              "weekly",
              466.0,
              "medium",
              "large"
            ],
            [
              "Beagle",
              "daily",
              324.0,
              "high",
              "small"
            ],
            [
              "Golden Retriever",
              "weekly",
              466.0,
              "high",
              "medium"
            ],
            [
              "Yorkshire Terrier",
              "daily",
              324.0,
              "low",
              "small"
            ],
            [
              "Bulldog",
              "weekly",
              466.0,
              "medium",
              "medium"
            ],
            [
              "Boxer",
              "weekly",
              466.0,
              "high",
              "medium"
            ]
          ]
        },
        "rhs": {
          "type": "DataFrame",
          "columns": {
            "names": [
              null
            ],
            "labels": [
              "breed",
              "grooming",
              "food_cost",
              "kids",
              "size"
            ]
          },
          "index": {
            "names": [
              null
            ],
            "labels": [
              0,
              2,
              3,
              6,
              4,
              1,
              5
            ]
          },
          "data": [
            [
              "Labrador Retriever",
              "weekly",
              466.0,
              "high",
              "medium"
            ],
            [
              "Beagle",
              "daily",
              324.0,
              "high",
              "small"
            ],
            [
              "Golden Retriever",
              "weekly",
              466.0,
              "high",
              "medium"
            ],
            [
              "Boxer",
              "weekly",
              466.0,
              "high",
              "medium"
            ],
            [
              "Yorkshire Terrier",
              "daily",
              324.0,
              "low",
              "small"
            ],
            [
              "German Shepherd",
              "weekly",
              466.0,
              "medium",
              "large"
            ],
            [
              "Bulldog",
              "weekly",
              466.0,
              "medium",
              "medium"
            ]
          ]
        }
      }
    },
    {
      "type": "Subscript",
      "code_step": "dogs.sort_values('kids').loc[0:6]",
      "fragment": {
        "start": {
          "line": 0,
          "ch": 24
        },
        "end": {
          "line": 0,
          "ch": 33
        }
      },
      "marks": [
        {
          "type": "map",
          "from": {
            "type": "axis",
            "anchor": "lhs",
            "select": "row",
            "label": 0
          },
          "to": {
            "type": "axis",
            "anchor": "rhs",
            "select": "row",
            "label": 0
          }
        },
        {
          "type": "map",
          "from": {
            "type": "axis",
            "anchor": "lhs",
            "select": "row",
            "label": 2
          },
          "to": {
            "type": "axis",
            "anchor": "rhs",
            "select": "row",
            "label": 2
          }
        },
        {
          "type": "map",
          "from": {
            "type": "axis",
            "anchor": "lhs",
            "select": "row",
            "label": 3
          },
          "to": {
            "type": "axis",
            "anchor": "rhs",
            "select": "row",
            "label": 3
          }
        },
        {
          "type": "map",
          "from": {
            "type": "axis",
            "anchor": "lhs",
            "select": "row",
            "label": 6
          },
          "to": {
            "type": "axis",
            "anchor": "rhs",
            "select": "row",
            "label": 6
          }
        }
      ],
      "data": {
        "lhs": "prev_rhs",
        "rhs": {
          "type": "DataFrame",
          "columns": {
            "names": [
              null
            ],
            "labels": [
              "breed",
              "grooming",
              "food_cost",
              "kids",
              "size"
            ]
          },
          "index": {
            "names": [
              null
            ],
            "labels": [
              0,
              2,
              3,
              6
            ]
          },
          "data": [
            [
              "Labrador Retriever",
              "weekly",
              466.0,
              "high",
              "medium"
            ],
            [
              "Beagle",
              "daily",
              324.0,
              "high",
              "small"
            ],
            [
              "Golden Retriever",
              "weekly",
              466.0,
              "high",
              "medium"
            ],
            [
              "Boxer",
              "weekly",
              466.0,
              "high",
              "medium"
            ]
          ]
        }
      }
    }
  ]
}