{
  "code": "import pandas as pd\n\ndf = pd.DataFrame([('Liam', 'M', 19659, 2020), ('Noah', 'M', 18252, 2020),\n                   ('Oliver', 'M', 14147, 2020), ('Elijah', 'M', 13034, 2020),\n                   ('William', 'M', 12541, 2020), ('Emma', 'F', 15581, 2020),\n                   ('Ava', 'F', 13084, 2020), ('Charlotte', 'F', 13003, 2020),\n                   ('Sophia', 'F', 12976, 2020), ('Amelia', 'F', 12704, 2020)],\n                  columns=['Name', 'Sex', 'Count', 'Year'])\n\ndf.loc[1:5, ['Name', 'Count']]\n",
  "explanation": [
    {
      "type": "Subscript",
      "code_step": "df.loc[1:5, ['Name', 'Count']]",
      "fragment": {
        "start": {
          "line": 0,
          "ch": 2
        },
        "end": {
          "line": 0,
          "ch": 30
        }
      },
      "marks": [
        {
          "type": "map",
          "from": {
            "type": "axis",
            "anchor": "lhs",
            "select": "column",
            "label": "Name"
          },
          "to": {
            "type": "axis",
            "anchor": "rhs",
            "select": "column",
            "label": "Name"
          }
        },
        {
          "type": "map",
          "from": {
            "type": "axis",
            "anchor": "lhs",
            "select": "column",
            "label": "Count"
          },
          "to": {
            "type": "axis",
            "anchor": "rhs",
            "select": "column",
            "label": "Count"
          }
        },
        {
          "type": "map",
          "from": {
            "type": "axis",
            "anchor": "lhs",
            "select": "row",
            "label": 1
          },
          "to": {
            "type": "axis",
            "anchor": "rhs",
            "select": "row",
            "label": 1
          }
        },
        {
          "type": "map",
          "from": {
            "type": "axis",
            "anchor": "lhs",
            "select": "row",
            "label": 2
          },
          "to": {
            "type": "axis",
            "anchor": "rhs",
            "select": "row",
            "label": 2
          }
        },
        {
          "type": "map",
          "from": {
            "type": "axis",
            "anchor": "lhs",
            "select": "row",
            "label": 3
          },
          "to": {
            "type": "axis",
            "anchor": "rhs",
            "select": "row",
            "label": 3
          }
        },
        {
          "type": "map",
          "from": {
            "type": "axis",
            "anchor": "lhs",
            "select": "row",
            "label": 4
          },
          "to": {
            "type": "axis",
            "anchor": "rhs",
            "select": "row",
            "label": 4
          }
        },
        {
          "type": "map",
          "from": {
            "type": "axis",
            "anchor": "lhs",
            "select": "row",
            "label": 5
          },
          "to": {
            "type": "axis",
            "anchor": "rhs",
            "select": "row",
            "label": 5
          }
        }
      ],
      "data": {
        "lhs": {
          "type": "DataFrame",
          "columns": {
            "names": [
              null
            ],
            "labels": [
              "Name",
              "Sex",
              "Count",
              "Year"
            ]
          },
          "index": {
            "names": [
              null
            ],
            "labels": [
              0,
              1,
              2,
              3,
              4,
              5,
              6,
              7,
              8,
              9
            ]
          },
          "data": [
            [
              "Liam",
              "M",
              19659,
              2020
            ],
            [
              "Noah",
              "M",
              18252,
              2020
            ],
            [
              "Oliver",
              "M",
              14147,
              2020
            ],
            [
              "Elijah",
              "M",
              13034,
              2020
            ],
            [
              "William",
              "M",
              12541,
              2020
            ],
            [
              "Emma",
              "F",
              15581,
              2020
            ],
            [
              "Ava",
              "F",
              13084,
              2020
            ],
            [
              "Charlotte",
              "F",
              13003,
              2020
            ],
            [
              "Sophia",
              "F",
              12976,
              2020
            ],
            [
              "Amelia",
              "F",
              12704,
              2020
            ]
          ]
        },
        "rhs": {
          "type": "DataFrame",
          "columns": {
            "names": [
              null
            ],
            "labels": [
              "Name",
              "Count"
            ]
          },
          "index": {
            "names": [
              null
            ],
            "labels": [
              1,
              2,
              3,
              4,
              5
            ]
          },
          "data": [
            [
              "Noah",
              18252
            ],
            [
              "Oliver",
              14147
            ],
            [
              "Elijah",
              13034
            ],
            [
              "William",
              12541
            ],
            [
              "Emma",
              15581
            ]
          ]
        }
      }
    }
  ]
}