{
  "code": "import pandas as pd\nimport io\n\ncsv = '''\nbreed,grooming,food_cost,kids,size\nLabrador Retriever,weekly,466.0,high,medium\nGerman Shepherd,weekly,466.0,medium,large\nBeagle,daily,324.0,high,small\nGolden Retriever,weekly,466.0,high,medium\nYorkshire Terrier,daily,324.0,low,small\nBulldog,weekly,466.0,medium,medium\nBoxer,weekly,466.0,high,medium\n'''\n\ndogs = pd.read_csv(io.StringIO(csv))\n\ndogs.reset_index()",
  "explanation": [
    {
      "type": "ResetIndexCall",
      "code_step": "dogs.reset_index()",
      "fragment": {
        "start": {
          "line": 0,
          "ch": 4
        },
        "end": {
          "line": 0,
          "ch": 18
        }
      },
      "marks": [
        {
          "type": "map",
          "from": {
            "type": "index_level",
            "anchor": "lhs",
            "select": "row",
            "level": 0
          },
          "to": {
            "type": "axis",
            "anchor": "rhs",
            "select": "column",
            "label": "index"
          }
        }
      ],
      "data": {
        "lhs": {
          "type": "DataFrame",
          "columns": {
            "names": [
              null
            ],
            "labels": [
              "breed",
              "grooming",
              "food_cost",
              "kids",
              "size"
            ]
          },
          "index": {
            "names": [
              null
            ],
            "labels": [
              0,
              1,
              2,
              3,
              4,
              5,
              6
            ]
          },
          "data": [
            [
              "Labrador Retriever",
              "weekly",
              466.0,
              "high",
              "medium"
            ],
            [
              "German Shepherd",
              "weekly",
              466.0,
              "medium",
              "large"
            ],
            [
              "Beagle",
              "daily",
              324.0,
              "high",
              "small"
            ],
            [
              "Golden Retriever",
              "weekly",
              466.0,
              "high",
              "medium"
            ],
            [
              "Yorkshire Terrier",
              "daily",
              324.0,
              "low",
              "small"
            ],
            [
              "Bulldog",
              "weekly",
              466.0,
              "medium",
              "medium"
            ],
            [
              "Boxer",
              "weekly",
              466.0,
              "high",
              "medium"
            ]
          ]
        },
        "rhs": {
          "type": "DataFrame",
          "columns": {
            "names": [
              null
            ],
            "labels": [
              "index",
              "breed",
              "grooming",
              "food_cost",
              "kids",
              "size"
            ]
          },
          "index": {
            "names": [
              null
            ],
            "labels": [
              0,
              1,
              2,
              3,
              4,
              5,
              6
            ]
          },
          "data": [
            [
              0,
              "Labrador Retriever",
              "weekly",
              466.0,
              "high",
              "medium"
            ],
            [
              1,
              "German Shepherd",
              "weekly",
              466.0,
              "medium",
              "large"
            ],
            [
              2,
              "Beagle",
              "daily",
              324.0,
              "high",
              "small"
            ],
            [
              3,
              "Golden Retriever",
              "weekly",
              466.0,
              "high",
              "medium"
            ],
            [
              4,
              "Yorkshire Terrier",
              "daily",
              324.0,
              "low",
              "small"
            ],
            [
              5,
              "Bulldog",
              "weekly",
              466.0,
              "medium",
              "medium"
            ],
            [
              6,
              "Boxer",
              "weekly",
              466.0,
              "high",
              "medium"
            ]
          ]
        }
      }
    }
  ]
}