{
  "code": "# test reset_index with a mix of named and unnamed levels\nimport pandas as pd\nimport io\n\ncsv = '''\nbreed,grooming,food_cost,kids,size\nLabrador Retriever,weekly,466.0,high,medium\nGerman Shepherd,weekly,466.0,medium,large\nBeagle,daily,324.0,high,small\nGolden Retriever,weekly,466.0,high,medium\nYorkshire Terrier,daily,324.0,low,small\nBulldog,weekly,466.0,medium,medium\nBoxer,weekly,466.0,high,medium\n'''\n\ndogs = pd.read_csv(io.StringIO(csv))\n\nres = (dogs\n .groupby(['size', 'grooming', 'kids'])\n [['food_cost']]\n .max()\n .rename_axis([None, 'test', None])\n)\n\nres.reset_index(level=[1, 2])\n",
  "explanation": [
    {
      "type": "ResetIndexCall",
      "code_step": "res.reset_index(level=[1, 2])",
      "fragment": {
        "start": {
          "line": 0,
          "ch": 3
        },
        "end": {
          "line": 0,
          "ch": 29
        }
      },
      "marks": [
        {
          "type": "map",
          "from": {
            "type": "index_level",
            "anchor": "lhs",
            "select": "row",
            "level": 1
          },
          "to": {
            "type": "axis",
            "anchor": "rhs",
            "select": "column",
            "label": "test"
          }
        },
        {
          "type": "map",
          "from": {
            "type": "index_level",
            "anchor": "lhs",
            "select": "row",
            "level": 2
          },
          "to": {
            "type": "axis",
            "anchor": "rhs",
            "select": "column",
            "label": "level_2"
          }
        }
      ],
      "data": {
        "lhs": {
          "type": "DataFrame",
          "columns": {
            "names": [
              null
            ],
            "labels": [
              "food_cost"
            ]
          },
          "index": {
            "names": [
              null,
              "test",
              null
            ],
            "labels": [
              [
                "large",
                "weekly",
                "medium"
              ],
              [
                "medium",
                "weekly",
                "high"
              ],
              [
                "medium",
                "weekly",
                "medium"
              ],
              [
                "small",
                "daily",
                "high"
              ],
              [
                "small",
                "daily",
                "low"
              ]
            ]
          },
          "data": [
            [
              466.0
            ],
            [
              466.0
            ],
            [
              466.0
            ],
            [
              324.0
            ],
            [
              324.0
            ]
          ]
        },
        "rhs": {
          "type": "DataFrame",
          "columns": {
            "names": [
              null
            ],
            "labels": [
              "test",
              "level_2",
              "food_cost"
            ]
          },
          "index": {
            "names": [
              null
            ],
            "labels": [
              "large",
              "medium",
              "medium",
              "small",
              "small"
            ]
          },
          "data": [
            [
              "weekly",
              "medium",
              466.0
            ],
            [
              "weekly",
              "high",
              466.0
            ],
            [
              "weekly",
              "medium",
              466.0
            ],
            [
              "daily",
              "high",
              324.0
            ],
            [
              "daily",
              "low",
              324.0
            ]
          ]
        }
      }
    }
  ]
}