{
  "resourceSpans": [
    {
      "resource": {
        "attributes": [
          {
            "key": "contrast.schema.url",
            "value": {
              "stringValue": "https://github.com/Contrast-Security-OSS/secobs-semantic-conventions/releases/tag/v0.4.0"
            }
          },
          {
            "key": "contrast.semconv.version",
            "value": {
              "stringValue": "0.4.0"
            }
          },
          {
            "key": "environment",
            "value": {
              "stringValue": "DEVELOPMENT"
            }
          },
          {
            "key": "fireball.semconv.version",
            "value": {
              "stringValue": "0.25.0"
            }
          },
          {
            "key": "otel.semconv.version",
            "value": {
              "stringValue": "1.26.0"
            }
          },
          {
            "key": "service.instance.id",
            "value": {
              "stringValue": "<stable-service.instance.id>"
            }
          },
          {
            "key": "service.name",
            "value": {
              "stringValue": "<stable-service.name>"
            }
          },
          {
            "key": "telemetry.sdk.language",
            "value": {
              "stringValue": "PYTHON"
            }
          }
        ],
        "droppedAttributesCount": 0,
        "entityRefs": []
      },
      "schemaUrl": "",
      "scopeSpans": [
        {
          "schemaUrl": "",
          "scope": {
            "attributes": [],
            "droppedAttributesCount": 0,
            "name": "contrast-python",
            "version": "str"
          },
          "spans": [
            {
              "attributes": [
                {
                  "key": "server.address",
                  "value": {
                    "stringValue": "externalservice.com"
                  }
                },
                {
                  "key": "server.port",
                  "value": {
                    "intValue": "8080"
                  }
                },
                {
                  "key": "url.full",
                  "value": {
                    "stringValue": "http://REDACTED:REDACTED@externalservice.com:8080/fetch/"
                  }
                }
              ],
              "droppedAttributesCount": 0,
              "droppedEventsCount": 0,
              "droppedLinksCount": 0,
              "endTimeUnixNano": "str",
              "events": [],
              "flags": 1,
              "kind": 3,
              "links": [],
              "name": "outbound-service-call",
              "parentSpanId": "0",
              "spanId": "1",
              "startTimeUnixNano": "str",
              "status": {
                "code": 0,
                "message": ""
              },
              "traceId": "0",
              "traceState": ""
            },
            {
              "attributes": [
                {
                  "key": "http.request.method",
                  "value": {
                    "stringValue": "GET"
                  }
                },
                {
                  "key": "http.response.header.content_type",
                  "value": {
                    "stringValue": "application/json"
                  }
                },
                {
                  "key": "http.response.status_code",
                  "value": {
                    "intValue": "200"
                  }
                },
                {
                  "key": "http.route",
                  "value": {
                    "stringValue": "external-data/"
                  }
                },
                {
                  "key": "url.path",
                  "value": {
                    "stringValue": "/external-data/"
                  }
                },
                {
                  "key": "url.scheme",
                  "value": {
                    "stringValue": "http"
                  }
                }
              ],
              "droppedAttributesCount": 0,
              "droppedEventsCount": 0,
              "droppedLinksCount": 0,
              "endTimeUnixNano": "str",
              "events": [],
              "flags": 1,
              "kind": 2,
              "links": [],
              "name": "GET external-data/",
              "parentSpanId": "",
              "spanId": "0",
              "startTimeUnixNano": "str",
              "status": {
                "code": 0,
                "message": ""
              },
              "traceId": "0",
              "traceState": ""
            }
          ]
        }
      ]
    }
  ]
}
