
/tmp/segments-dyn:	file format elf64-x86-64

Program Header:
    PHDR off    0x0000000000000040 vaddr 0x0000000000000040 paddr 0x0000000000000040 align 2**3
         filesz 0x00000000000002d8 memsz 0x00000000000002d8 flags r--
  INTERP off    0x0000000000000318 vaddr 0x0000000000000318 paddr 0x0000000000000318 align 2**0
         filesz 0x000000000000001c memsz 0x000000000000001c flags r--
    LOAD off    0x0000000000000000 vaddr 0x0000000000000000 paddr 0x0000000000000000 align 2**12
         filesz 0x0000000000000618 memsz 0x0000000000000618 flags r--
    LOAD off    0x0000000000001000 vaddr 0x0000000000001000 paddr 0x0000000000001000 align 2**12
         filesz 0x0000000000002021 memsz 0x0000000000002021 flags r-x
    LOAD off    0x0000000000004000 vaddr 0x0000000000004000 paddr 0x0000000000004000 align 2**12
         filesz 0x00000000000000d8 memsz 0x00000000000000d8 flags r--
    LOAD off    0x0000000000004dd0 vaddr 0x0000000000005dd0 paddr 0x0000000000005dd0 align 2**12
         filesz 0x0000000000000248 memsz 0x0000000000000250 flags rw-
 DYNAMIC off    0x0000000000004de0 vaddr 0x0000000000005de0 paddr 0x0000000000005de0 align 2**3
         filesz 0x00000000000001e0 memsz 0x00000000000001e0 flags rw-
    NOTE off    0x0000000000000338 vaddr 0x0000000000000338 paddr 0x0000000000000338 align 2**3
         filesz 0x0000000000000020 memsz 0x0000000000000020 flags r--
    NOTE off    0x0000000000000358 vaddr 0x0000000000000358 paddr 0x0000000000000358 align 2**2
         filesz 0x0000000000000044 memsz 0x0000000000000044 flags r--
   PROPERTY off    0x0000000000000338 vaddr 0x0000000000000338 paddr 0x0000000000000338 align 2**3
         filesz 0x0000000000000020 memsz 0x0000000000000020 flags r--
EH_FRAME off    0x0000000000004004 vaddr 0x0000000000004004 paddr 0x0000000000004004 align 2**2
         filesz 0x0000000000000034 memsz 0x0000000000000034 flags r--
   STACK off    0x0000000000000000 vaddr 0x0000000000000000 paddr 0x0000000000000000 align 2**4
         filesz 0x0000000000000000 memsz 0x0000000000000000 flags rw-
   RELRO off    0x0000000000004dd0 vaddr 0x0000000000005dd0 paddr 0x0000000000005dd0 align 2**0
         filesz 0x0000000000000230 memsz 0x0000000000000230 flags r--

Dynamic Section:
  NEEDED       libc.so.6
  INIT         0x0000000000001000
  FINI         0x0000000000003014
  INIT_ARRAY   0x0000000000005dd0
  INIT_ARRAYSZ 0x0000000000000008
  FINI_ARRAY   0x0000000000005dd8
  FINI_ARRAYSZ 0x0000000000000008
  GNU_HASH     0x00000000000003a0
  STRTAB       0x0000000000000470
  SYMTAB       0x00000000000003c8
  STRSZ        0x000000000000008d
  SYMENT       0x0000000000000018
  DEBUG        0x0000000000000000
  PLTGOT       0x0000000000005fe8
  PLTRELSZ     0x0000000000000018
  PLTREL       0x0000000000000007
  JMPREL       0x0000000000000600
  RELA         0x0000000000000540
  RELASZ       0x00000000000000c0
  RELAENT      0x0000000000000018
  FLAGS_1      0x0000000008000000
  VERNEED      0x0000000000000510
  VERNEEDNUM   0x0000000000000001
  VERSYM       0x00000000000004fe
  RELACOUNT    0x0000000000000003

Version References:
  required from libc.so.6:
    0x09691a75 0x00 03 GLIBC_2.2.5
    0x069691b4 0x00 02 GLIBC_2.34
