---
source: src/qir/qsystem_ext.rs
expression: mod_str
---
; ModuleID = 'test_context'
source_filename = "test_context"

%Qubit = type opaque
%Result = type opaque

define i1 @_hl.main.1(%Qubit* %0) {
alloca_block:
  br label %entry_block

entry_block:                                      ; preds = %alloca_block
  %1 = call %Result* @__QIR__CONV_Qubit_TO_Result(%Qubit* %0)
  call void @__quantum__qis__mz__body(%Qubit* %0, %Result* %1)
  %2 = call i1 @__quantum__qis__read_result__body(%Result* %1)
  %3 = select i1 %2, i1 true, i1 false
  ret i1 %3
}

declare %Result* @__QIR__CONV_Qubit_TO_Result(%Qubit*)

declare void @__quantum__qis__mz__body(%Qubit*, %Result*)

declare i1 @__quantum__qis__read_result__body(%Result*)
