  0.1017576893E-01
  0.7852812395E-02
  0.7512180729E-02
  0.1789777148E-02
  0.7316038751E-03
  0.1872814612E-03
  0.3874755877E-04
  0.3069774330E-05
  0.1768124795E-05
  0.2039079693E-06
  0.5393126767E-07
  0.5666322262E-07
  0.5781121426E-07
  0.6035801518E-07
  0.6227275564E-07
  0.6160703350E-07
  0.6295303613E-07
  0.6435340759E-07
  0.6581917242E-07
  0.6999717302E-07
  0.7025671131E-07
  0.7570365529E-07
  0.7478250593E-07
  0.7490865392E-07
  0.8027706934E-07
  0.7405104857E-07
  0.7034485160E-07
  0.6271677283E-07
  0.6571206765E-07
  0.6671398058E-07
  0.5982286455E-07
 
   2.546369309    
   1.868672438    
  0.5400424101E-01
  0.8704003481E-01
  0.2631102514E-01
  0.2754268989E-02
  0.1529359328E-02
  0.1293621623E-03
  0.3854099765E-04
  0.1743968474E-05
  0.2933807292E-06
 
  0.1971378964E-03
  0.1353971282E-03
  0.1774656320E-04
  0.1640185861E-04
  0.1905678048E-05
 
  0.1248062863E-04
  0.8580088866E-05
 
  0.1059595102E-05
 
