 Warning(init0):
  GGA inconsistent with non-collinear magnetism
