{"messages":
 [{"severity": "error",
   "pos": {"line": 1, "column": 15},
   "endPos": {"line": 1, "column": 16},
   "data": "don't know how to synthesize placeholder\ncontext:\n‚ä¢ Nat"}],
 "env": 0}

