{
  "code": "# https://pandas.pydata.org/pandas-docs/stable/user_guide/groupby.html\nimport pandas as pd\ndf_list = [[1, 2, 3], [1, None, 4], [2, 1, 3], [1, 2, 2]]\ndf_dropna = pd.DataFrame(df_list, columns=[\"a\", \"b\", \"c\"])\ndf_dropna.groupby(by=[\"b\"])\n",
  "explanation": [
    {
      "type": "GroupByCall",
      "code_step": "df_dropna.groupby(by=[\"b\"])",
      "fragment": {
        "start": {
          "line": 0,
          "ch": 9
        },
        "end": {
          "line": 0,
          "ch": 27
        }
      },
      "marks": [
        {
          "type": "using",
          "pos": {
            "type": "axis",
            "anchor": "lhs",
            "select": "column",
            "label": "b"
          }
        }
      ],
      "data": {
        "lhs": {
          "type": "DataFrame",
          "columns": {
            "names": [
              null
            ],
            "labels": [
              "a",
              "b",
              "c"
            ]
          },
          "index": {
            "names": [
              null
            ],
            "labels": [
              0,
              1,
              2,
              3
            ]
          },
          "data": [
            [
              1.0,
              2.0,
              3.0
            ],
            [
              1.0,
              null,
              4.0
            ],
            [
              2.0,
              1.0,
              3.0
            ],
            [
              1.0,
              2.0,
              2.0
            ]
          ]
        },
        "rhs": {
          "type": "DataFrameGroupBy",
          "columns": {
            "names": [
              null
            ],
            "labels": [
              "a",
              "b",
              "c"
            ]
          },
          "index": {
            "names": [
              null
            ],
            "labels": [
              0,
              1,
              2,
              3
            ]
          },
          "data": [
            [
              1.0,
              2.0,
              3.0
            ],
            [
              1.0,
              null,
              4.0
            ],
            [
              2.0,
              1.0,
              3.0
            ],
            [
              1.0,
              2.0,
              2.0
            ]
          ],
          "group_data": {
            "columns": [
              "b"
            ],
            "groups": [
              {
                "name": [
                  1.0
                ],
                "labels": [
                  2
                ]
              },
              {
                "name": [
                  2.0
                ],
                "labels": [
                  0,
                  3
                ]
              }
            ]
          }
        }
      }
    }
  ]
}