    -4211.32312414    
    -4210.73177217    
    -4209.90366303    
    -4208.93737407    
    -4207.96908783    
    -4207.12416577    
    -4206.46485706    
    -4205.98791375    
    -4205.66322416    
    -4205.45935709    
    -4205.34364876    
    -4205.28446273    
    -4205.25742621    
    -4205.24645684    
    -4205.24259904    
    -4205.24138805    
    -4205.24112400    
    -4205.24098684    
    -4205.24103024    
    -4205.24103426    
