
/tmp/segments-exec:	file format elf64-x86-64

Program Header:
    LOAD off    0x0000000000000000 vaddr 0x0000000000400000 paddr 0x0000000000400000 align 2**12
         filesz 0x0000000000000550 memsz 0x0000000000000550 flags r--
    LOAD off    0x0000000000001000 vaddr 0x0000000000401000 paddr 0x0000000000401000 align 2**12
         filesz 0x000000000008509d memsz 0x000000000008509d flags r-x
    LOAD off    0x0000000000087000 vaddr 0x0000000000487000 paddr 0x0000000000487000 align 2**12
         filesz 0x000000000002948b memsz 0x000000000002948b flags r--
    LOAD off    0x00000000000b07b8 vaddr 0x00000000004b17b8 paddr 0x00000000004b17b8 align 2**12
         filesz 0x0000000000005ab8 memsz 0x000000000000b2e8 flags rw-
    NOTE off    0x00000000000002a8 vaddr 0x00000000004002a8 paddr 0x00000000004002a8 align 2**3
         filesz 0x0000000000000020 memsz 0x0000000000000020 flags r--
    NOTE off    0x00000000000002c8 vaddr 0x00000000004002c8 paddr 0x00000000004002c8 align 2**2
         filesz 0x0000000000000044 memsz 0x0000000000000044 flags r--
    TLS off    0x00000000000b07b8 vaddr 0x00000000004b17b8 paddr 0x00000000004b17b8 align 2**3
         filesz 0x0000000000000018 memsz 0x0000000000000060 flags r--
   PROPERTY off    0x00000000000002a8 vaddr 0x00000000004002a8 paddr 0x00000000004002a8 align 2**3
         filesz 0x0000000000000020 memsz 0x0000000000000020 flags r--
EH_FRAME off    0x00000000000a2ee8 vaddr 0x00000000004a2ee8 paddr 0x00000000004a2ee8 align 2**2
         filesz 0x000000000000201c memsz 0x000000000000201c flags r--
   STACK off    0x0000000000000000 vaddr 0x0000000000000000 paddr 0x0000000000000000 align 2**4
         filesz 0x0000000000000000 memsz 0x0000000000000000 flags rw-
   RELRO off    0x00000000000b07b8 vaddr 0x00000000004b17b8 paddr 0x00000000004b17b8 align 2**0
         filesz 0x0000000000003848 memsz 0x0000000000003848 flags r--

Dynamic Section:
