{"env": 0}

{"sorries":
 [{"proofState": 0,
   "pos": {"line": 1, "column": 36},
   "goal": "x : ℕ\n⊢ x = x",
   "endPos": {"line": 1, "column": 41}}],
 "messages":
 [{"severity": "warning",
   "pos": {"line": 1, "column": 8},
   "endPos": {"line": 1, "column": 11},
   "data": "declaration uses 'sorry'"}],
 "env": 1}

{"proofStatus": "Incomplete: open goals remain",
 "proofState": 1,
 "goals":
 ["case zero\n⊢ 0 = 0", "case succ\nn✝ : ℕ\na✝ : n✝ = n✝\n⊢ n✝ + 1 = n✝ + 1"]}

{"proofStatus": "Incomplete: open goals remain",
 "proofState": 2,
 "goals": ["case succ\nn✝ : ℕ\na✝ : n✝ = n✝\n⊢ n✝ + 1 = n✝ + 1"]}

{"sorries":
 [{"proofState": 3, "goal": "case zero\n⊢ 0 = 0"},
  {"proofState": 4, "goal": "case succ\nx : ℕ\na✝ : x = x\n⊢ x + 1 = x + 1"}],
 "proofStatus": "Incomplete: contains sorry",
 "proofState": 5,
 "goals": []}

