{
  "code": "# https://pandas.pydata.org/pandas-docs/stable/user_guide/10min.html\nimport numpy as np\nimport pandas as pd\n\ndates = pd.date_range(\"20130101\", periods=6)\ndata = np.array([[ 1.14, -1.23,  0.4 , -0.68],\n       [-0.87, -0.58, -0.31,  0.06],\n       [-1.17,  0.9 ,  0.47, -1.54],\n       [ 1.49,  1.9 ,  1.18, -0.18],\n       [-1.07,  1.05, -0.4 ,  1.22],\n       [ 0.21,  0.98,  0.36,  0.71]])\ndf = pd.DataFrame(data, index=dates, columns=list(\"ABCD\"))\n\ndf.loc[\"2013-01-03\":\"2013-01-05\", [\"C\", \"B\"]]\n",
  "explanation": [
    {
      "type": "Subscript",
      "code_step": "df.loc[\"2013-01-03\":\"2013-01-05\", [\"C\", \"B\"]]",
      "fragment": {
        "start": {
          "line": 0,
          "ch": 2
        },
        "end": {
          "line": 0,
          "ch": 45
        }
      },
      "marks": [
        {
          "type": "map",
          "from": {
            "type": "axis",
            "anchor": "lhs",
            "select": "column",
            "label": "B"
          },
          "to": {
            "type": "axis",
            "anchor": "rhs",
            "select": "column",
            "label": "B"
          }
        },
        {
          "type": "map",
          "from": {
            "type": "axis",
            "anchor": "lhs",
            "select": "column",
            "label": "C"
          },
          "to": {
            "type": "axis",
            "anchor": "rhs",
            "select": "column",
            "label": "C"
          }
        },
        {
          "type": "map",
          "from": {
            "type": "axis",
            "anchor": "lhs",
            "select": "row",
            "label": "2013-01-03 00:00:00"
          },
          "to": {
            "type": "axis",
            "anchor": "rhs",
            "select": "row",
            "label": "2013-01-03 00:00:00"
          }
        },
        {
          "type": "map",
          "from": {
            "type": "axis",
            "anchor": "lhs",
            "select": "row",
            "label": "2013-01-04 00:00:00"
          },
          "to": {
            "type": "axis",
            "anchor": "rhs",
            "select": "row",
            "label": "2013-01-04 00:00:00"
          }
        },
        {
          "type": "map",
          "from": {
            "type": "axis",
            "anchor": "lhs",
            "select": "row",
            "label": "2013-01-05 00:00:00"
          },
          "to": {
            "type": "axis",
            "anchor": "rhs",
            "select": "row",
            "label": "2013-01-05 00:00:00"
          }
        }
      ],
      "data": {
        "lhs": {
          "type": "DataFrame",
          "columns": {
            "names": [
              null
            ],
            "labels": [
              "A",
              "B",
              "C",
              "D"
            ]
          },
          "index": {
            "names": [
              null
            ],
            "labels": [
              "2013-01-01 00:00:00",
              "2013-01-02 00:00:00",
              "2013-01-03 00:00:00",
              "2013-01-04 00:00:00",
              "2013-01-05 00:00:00",
              "2013-01-06 00:00:00"
            ]
          },
          "data": [
            [
              1.14,
              -1.23,
              0.4,
              -0.68
            ],
            [
              -0.87,
              -0.58,
              -0.31,
              0.06
            ],
            [
              -1.17,
              0.9,
              0.47,
              -1.54
            ],
            [
              1.49,
              1.9,
              1.18,
              -0.18
            ],
            [
              -1.07,
              1.05,
              -0.4,
              1.22
            ],
            [
              0.21,
              0.98,
              0.36,
              0.71
            ]
          ]
        },
        "rhs": {
          "type": "DataFrame",
          "columns": {
            "names": [
              null
            ],
            "labels": [
              "C",
              "B"
            ]
          },
          "index": {
            "names": [
              null
            ],
            "labels": [
              "2013-01-03 00:00:00",
              "2013-01-04 00:00:00",
              "2013-01-05 00:00:00"
            ]
          },
          "data": [
            [
              0.47,
              0.9
            ],
            [
              1.18,
              1.9
            ],
            [
              -0.4,
              1.05
            ]
          ]
        }
      }
    }
  ]
}